// Jest Snapshot v1, https://goo.gl/fbAQLP

exports[`render without crash 1`] = `
<MKTouchable
  accessible={true}
  backgroundColor="blue"
  borderRadius={26}
  enabled={true}
  height={52}
  maskBorderRadius={2}
  maskColor="rgba(255,255,255,0.15)"
  maskDuration={200}
  maskEnabled={true}
  onChange={[Function]}
  onLayout={[Function]}
  onPress={[Function]}
  onResponderGrant={[Function]}
  onResponderMove={[Function]}
  onResponderRelease={[Function]}
  onResponderTerminate={[Function]}
  onResponderTerminationRequest={[Function]}
  onStartShouldSetResponder={[Function]}
  onTouch={[Function]}
  pointerEvents="box-only"
  rippleColor="rgba(255,255,255,0.2)"
  rippleDuration={200}
  rippleLocation="tapLocation"
  shadowAniEnabled={true}
  style={
    Array [
      Array [
        Object {
          "alignItems": "center",
          "justifyContent": "center",
        },
        Object {},
      ],
      Object {
        "shadowOffset": Object {
          "height": 1,
          "width": 0,
        },
      },
    ]
  }
  width={52}
>
  <Text
    allowFontScaling={false}
    style={
      Array [
        Object {
          "color": "white",
          "fontSize": 24,
        },
        undefined,
        Object {
          "fontFamily": "Material Design Icons",
          "fontStyle": "normal",
          "fontWeight": "normal",
        },
      ]
    }
  >
    ?
  </Text>
  <View
    style={
      Object {
        "backgroundColor": "rgba(255,255,255,0.15)",
        "borderRadius": 0,
        "height": 1,
        "left": -0,
        "opacity": 0,
        "overflow": "hidden",
        "position": "absolute",
        "top": -0,
        "width": 1,
      }
    }
  >
    <View
      style={
        Object {
          "backgroundColor": "rgba(255,255,255,0.2)",
          "borderRadius": 0,
          "height": 0,
          "left": 0,
          "top": 0,
          "transform": Array [
            Object {
              "scale": 0,
            },
          ],
          "width": 0,
        }
      }
    />
  </View>
</MKTouchable>
`;
