// Jest Snapshot v1, https://goo.gl/fbAQLP

exports[`FullButton component renders correctly 1`] = `
<MKTouchable
  accessible={true}
  alignItems="center"
  backgroundColor="blue"
  borderRadius={2}
  enabled={true}
  height={36}
  justifyContent="center"
  maskBorderRadius={2}
  maskColor="rgba(255,255,255,0.15)"
  maskDuration={200}
  maskEnabled={true}
  onChange={[Function]}
  onLayout={[Function]}
  onPress={[Function]}
  onResponderGrant={[Function]}
  onResponderMove={[Function]}
  onResponderRelease={[Function]}
  onResponderTerminate={[Function]}
  onResponderTerminationRequest={[Function]}
  onStartShouldSetResponder={[Function]}
  onTouch={[Function]}
  paddingLeft={16}
  paddingRight={16}
  pointerEvents="box-only"
  rippleColor="rgba(255,255,255,0.2)"
  rippleDuration={200}
  rippleLocation="tapLocation"
  shadowAniEnabled={true}
  shadowColor="black"
  shadowOffset={
    Object {
      "height": 2,
      "width": 0,
    }
  }
  shadowOpacity={0.7}
  shadowRadius={2}
  style={
    Array [
      Array [
        undefined,
        Object {},
      ],
      Object {
        "shadowOffset": Object {
          "height": 1,
          "width": 0,
        },
      },
    ]
  }
>
  <Text
    accessible={true}
    allowFontScaling={true}
    ellipsizeMode="tail"
    style={
      Object {
        "alignSelf": "center",
        "color": undefined,
        "fontFamily": "BYekan+",
        "fontSize": 18,
      }
    }
  >
    hi
  </Text>
  <View
    style={
      Object {
        "backgroundColor": "rgba(255,255,255,0.15)",
        "borderRadius": 0,
        "height": 1,
        "left": -0,
        "opacity": 0,
        "overflow": "hidden",
        "position": "absolute",
        "top": -0,
        "width": 1,
      }
    }
  >
    <View
      style={
        Object {
          "backgroundColor": "rgba(255,255,255,0.2)",
          "borderRadius": 0,
          "height": 0,
          "left": 0,
          "top": 0,
          "transform": Array [
            Object {
              "scale": 0,
            },
          ],
          "width": 0,
        }
      }
    />
  </View>
</MKTouchable>
`;
