// Jest Snapshot v1, https://goo.gl/fbAQLP

exports[`Renders Correctly 1`] = `
<View
  style={
    Object {
      "alignItems": "center",
      "backgroundColor": "#fff",
      "borderRadius": 2,
      "flexDirection": "row",
      "paddingBottom": 10,
      "paddingLeft": 15,
      "paddingRight": 15,
      "paddingTop": 10,
    }
  }
>
  <View
    style={
      Object {
        "alignItems": "flex-start",
        "alignSelf": "stretch",
        "flex": 1,
      }
    }
  >
    <View
      style={
        Object {
          "flex": 1,
          "flexDirection": "row",
        }
      }
    >
      <RCTSwitch
        onChange={[Function]}
        onResponderTerminationRequest={[Function]}
        onStartShouldSetResponder={[Function]}
        style={
          Array [
            Object {
              "height": 31,
              "width": 51,
            },
            Object {
              "marginBottom": -5,
              "marginTop": -5,
            },
          ]
        }
        value={true}
      />
      <View
        style={
          Object {
            "alignItems": "center",
            "flex": 1,
            "flexDirection": "row",
            "justifyContent": "center",
          }
        }
      >
        <Text
          style={
            Array [
              Object {
                "color": "#000",
                "fontFamily": "System",
                "fontSize": 16,
              },
              Object {
                "color": "#424242",
                "flex": 1,
                "fontFamily": "BYekan+",
              },
            ]
          }
          uppercase={false}
        >
          howdy
        </Text>
        <Text
          allowFontScaling={false}
          style={
            Array [
              Object {
                "color": "#424242",
                "fontSize": 28,
              },
              Object {
                "margin": 8,
              },
              Object {
                "fontFamily": "Material Design Icons",
                "fontStyle": "normal",
                "fontWeight": "normal",
              },
            ]
          }
        >
          e
        </Text>
      </View>
    </View>
  </View>
</View>
`;
