// Jest Snapshot v1, https://goo.gl/fbAQLP

exports[`Renders Correctly isRtl 1`] = `
<View
  onResponderRelease={[Function]}
  onStartShouldSetResponder={[Function]}
  pointerEvents="auto"
>
  <View
    style={
      Object {
        "backgroundColor": "transparent",
        "borderBottomColor": "rgba(0, 0, 0, 0.38)",
        "borderBottomWidth": 0.5,
        "height": 64,
        "paddingBottom": 8,
        "paddingTop": 32,
      }
    }
  >
    <View
      style={
        Object {
          "position": "absolute",
          "top": 36,
        }
      }
    >
      <Text
        numberOfLines={1}
        style={
          Object {
            "color": "rgba(0, 0, 0, 0.38)",
            "fontSize": 16,
          }
        }
      >
        Phone Number
      </Text>
    </View>
    <View
      style={
        Object {
          "flexDirection": "row",
        }
      }
    >
      <TextInput
        allowFontScaling={true}
        autoCapitalize="sentences"
        disableFullscreenUI={true}
        editable={true}
        floatingLabelEnabled={true}
        floatingLabelFont={
          Object {
            "fontFamily": "BYekan+",
            "fontSize": 18,
          }
        }
        highlightColor="#0095E1"
        keyboardType="numeric"
        maxLength={11}
        onBlur={[Function]}
        onChange={[Function]}
        onChangeText={[Function]}
        onContentSizeChange={[Function]}
        onFocus={[Function]}
        placeholderColor="#9E9E9E"
        selectionColor="#0087EA"
        style={
          Array [
            Object {
              "flex": 1,
              "margin": 0,
              "padding": 0,
              "top": 2,
            },
            Object {
              "color": "rgba(0, 0, 0, .87)",
              "fontSize": 16,
              "height": 24,
              "textAlign": "left",
            },
            Array [
              Object {
                "color": "#212121",
                "fontFamily": "BYekan+",
                "fontSize": 18,
                "height": 48,
                "marginTop": 10,
              },
              Object {
                "flex": 1,
              },
            ],
          ]
        }
        text="hello"
        underlineColorAndroid="transparent"
        value=""
      />
    </View>
  </View>
  <View
    style={
      Object {
        "flexDirection": "row",
        "height": 8,
      }
    }
  >
    <View
      style={
        Object {
          "flex": 1,
        }
      }
    >
      <View
        style={
          Object {
            "alignItems": "flex-start",
            "bottom": 0,
            "left": 0,
            "paddingVertical": 4,
            "position": "absolute",
            "right": 0,
            "top": 0,
          }
        }
      >
        <Text
          numberOfLines={1}
          style={
            Object {
              "backgroundColor": "transparent",
              "color": "rgb(213, 0, 0)",
              "fontSize": 0,
              "opacity": 0,
            }
          }
        />
      </View>
      <View
        style={
          Object {
            "alignItems": "flex-start",
            "bottom": 0,
            "left": 0,
            "paddingVertical": 4,
            "position": "absolute",
            "right": 0,
            "top": 0,
          }
        }
      >
        <Text
          numberOfLines={1}
          style={
            Object {
              "backgroundColor": "transparent",
              "color": "rgba(0, 0, 0, .38)",
              "fontSize": 12,
              "opacity": 1,
            }
          }
        />
      </View>
    </View>
  </View>
</View>
`;
